******************************************************************************
        TMS320C2000 COFF Linker PC v4.1.3                      
******************************************************************************
>> Linked Sat Apr 23 22:20:24 2016

OUTPUT FILE NAME:   <./Debug/Clock1.out>
ENTRY POINT SYMBOL: "_c_int00"  address: 003f6342


MEMORY CONFIGURATION

                  name            origin    length      used    attr    fill
         ----------------------  --------  ---------  --------  ----  --------
PAGE  0: OTP                     003d7800   00000800  00000000  RWIX
         FLASHJ                  003d8000   00002000  0000002c  RWIX
         FLASHI                  003da000   00002000  00000000  RWIX
         FLASHH                  003dc000   00004000  00000000  RWIX
         FLASHG                  003e0000   00004000  00000000  RWIX
         FLASHF                  003e4000   00004000  00000000  RWIX
         FLASHE                  003e8000   00004000  00000000  RWIX
         FLASHD                  003ec000   00004000  00000000  RWIX
         FLASHC                  003f0000   00004000  00000000  RWIX
         FLASHB                  003f4000   00002000  00000100  RWIX
         FLASHA                  003f6000   00001ff6  00000491  RWIX
         BEGIN                   003f7ff6   00000002  00000002  RWIX
         PASSWDS                 003f7ff8   00000008  00000000  RWIX
         ROM                     003ff000   00000fc0  00000000  RWIX
         VECTORS                 003fffc2   0000003e  00000000  RWIX

PAGE  1: RAMM0M1                 00000000   00000800  00000320  RWIX
         DEV_EMU                 00000880   00000180  000000d6  RWIX
         FLASH_REGS              00000a80   00000060  00000008  RWIX
         CSM                     00000ae0   00000010  00000010  RWIX
         XINTF                   00000b20   00000020  00000020  RWIX
         CPU_TIMER0              00000c00   00000008  00000008  RWIX
         CPU_TIMER1              00000c08   00000008  00000008  RWIX
         CPU_TIMER2              00000c10   00000008  00000008  RWIX
         PIE_CTRL                00000ce0   00000020  0000001a  RWIX
         PIE_VECT                00000d00   00000100  00000100  RWIX
         ECAN_A                  00006000   00000100  00000034  RWIX
         ECAN_AMBOX              00006100   00000100  00000100  RWIX
         SYSTEM                  00007010   00000020  00000020  RWIX
         SPI_A                   00007040   00000010  00000010  RWIX
         SCI_A                   00007050   00000010  00000010  RWIX
         XINTRUPT                00007070   00000010  00000010  RWIX
         GPIOMUX                 000070c0   00000020  00000020  RWIX
         GPIODAT                 000070e0   00000020  00000020  RWIX
         ADC                     00007100   00000020  0000001a  RWIX
         EV_A                    00007400   00000040  00000032  RWIX
         EV_B                    00007500   00000040  00000032  RWIX
         SPI_B                   00007740   00000010  00000000  RWIX
         SCI_B                   00007750   00000010  00000010  RWIX
         MCBSP_A                 00007800   00000040  00000025  RWIX
         RAML0L1                 00008000   00002000  000001ad  RWIX
         CSM_PWL                 003f7ff8   00000008  00000008  RWIX
         RAMH0                   003f8000   00002000  00000000  RWIX


SECTION ALLOCATION MAP

 output                                  attributes/
section   page    origin      length       input sections
--------  ----  ----------  ----------   ----------------
.const     0    ffffffff    00000000     UNINITIALIZED

.cinit     0    003d8000    0000002c     
                  003d8000    00000012     Lcd.obj (.cinit)
                  003d8012    00000006     main.obj (.cinit)
                  003d8018    0000000b     rts2800_fl040830.lib : exit.obj (.cinit)
                  003d8023    00000008                          : _lock.obj (.cinit)
                  003d802b    00000001     --HOLE-- [fill = 0]

IQmath     0    003da000    00000000     UNINITIALIZED

IQmathFastTables 
*          0    003da000    00000000     UNINITIALIZED

.econst    0    003f4000    00000100     RUN ADDR = 00008000
                  003f4000    00000100     DSP28_PieVect.obj (.econst)

.text      0    003f6000    00000491     
                  003f6000    00000001     DSP28_Adc.obj (.text)
                  003f6001    0000004f     DSP28_CpuTimers.obj (.text)
                  003f6050    00000167     DSP28_DefaultIsr.obj (.text)
                  003f61b7    00000001     DSP28_ECan.obj (.text)
                  003f61b8    00000001     DSP28_Ev.obj (.text)
                  003f61b9    0000000e     DSP28_Gpio.obj (.text)
                  003f61c7    00000005     DSP28_InitPeripherals.obj (.text)
                  003f61cc    00000001     DSP28_Mcbsp.obj (.text)
                  003f61cd    00000021     DSP28_PieCtrl.obj (.text)
                  003f61ee    00000020     DSP28_PieVect.obj (.text)
                  003f620e    00000001     DSP28_Sci.obj (.text)
                  003f620f    00000001     DSP28_Spi.obj (.text)
                  003f6210    00000026     DSP28_SysCtrl.obj (.text)
                  003f6236    0000001f     DSP28_Xintf.obj (.text)
                  003f6255    00000001     DSP28_XIntrupt.obj (.text)
                  003f6256    0000004f     Lcd.obj (.text)
                  003f62a5    0000009d     main.obj (.text)
                  003f6342    0000006a     rts2800_fl040830.lib : boot.obj (.text)
                  003f63ac    0000003e                          : exit.obj (.text)
                  003f63ea    0000005a                          : fs_mpy.obj (.text)
                  003f6444    0000003b                          : fs_tol.obj (.text)
                  003f647f    0000000b                          : u_div.obj (.text)
                  003f648a    00000007                          : _lock.obj (.text)

.reset     0    003f7ff6    00000002     
                  003f7ff6    00000002     rts2800_fl040830.lib : boot.obj (.reset)

IQmathTables 
*          0    003ff000    00000000     UNINITIALIZED

vectors    0    003fffc2    00000000     UNINITIALIZED

.data      1    00000000    00000000     UNINITIALIZED

.stack     1    00000000    00000320     UNINITIALIZED

DevEmuRegsFile 
*          1    00000880    000000d6     UNINITIALIZED
                  00000880    000000d6     DSP28_GlobalVariableDefs.obj (DevEmuRegsFile)

FlashRegsFile 
*          1    00000a80    00000008     UNINITIALIZED
                  00000a80    00000008     DSP28_GlobalVariableDefs.obj (FlashRegsFile)

CsmRegsFile 
*          1    00000ae0    00000010     UNINITIALIZED
                  00000ae0    00000010     DSP28_GlobalVariableDefs.obj (CsmRegsFile)

XintfRegsFile 
*          1    00000b20    00000020     UNINITIALIZED
                  00000b20    00000020     DSP28_GlobalVariableDefs.obj (XintfRegsFile)

CpuTimer0RegsFile 
*          1    00000c00    00000008     UNINITIALIZED
                  00000c00    00000008     DSP28_GlobalVariableDefs.obj (CpuTimer0RegsFile)

CpuTimer1RegsFile 
*          1    00000c08    00000008     UNINITIALIZED
                  00000c08    00000008     DSP28_GlobalVariableDefs.obj (CpuTimer1RegsFile)

CpuTimer2RegsFile 
*          1    00000c10    00000008     UNINITIALIZED
                  00000c10    00000008     DSP28_GlobalVariableDefs.obj (CpuTimer2RegsFile)

PieCtrlRegsFile 
*          1    00000ce0    0000001a     UNINITIALIZED
                  00000ce0    0000001a     DSP28_GlobalVariableDefs.obj (PieCtrlRegsFile)

PieVectTable 
*          1    00000d00    00000100     UNINITIALIZED
                  00000d00    00000100     DSP28_GlobalVariableDefs.obj (PieVectTable)

ECanaRegsFile 
*          1    00006000    00000034     UNINITIALIZED
                  00006000    00000034     DSP28_GlobalVariableDefs.obj (ECanaRegsFile)

ECanaMboxesFile 
*          1    00006100    00000100     UNINITIALIZED
                  00006100    00000100     DSP28_GlobalVariableDefs.obj (ECanaMboxesFile)

SysCtrlRegsFile 
*          1    00007010    00000020     UNINITIALIZED
                  00007010    00000020     DSP28_GlobalVariableDefs.obj (SysCtrlRegsFile)

SpiaRegsFile 
*          1    00007040    00000010     UNINITIALIZED
                  00007040    00000010     DSP28_GlobalVariableDefs.obj (SpiaRegsFile)

SciaRegsFile 
*          1    00007050    00000010     UNINITIALIZED
                  00007050    00000010     DSP28_GlobalVariableDefs.obj (SciaRegsFile)

XIntruptRegsFile 
*          1    00007070    00000010     UNINITIALIZED
                  00007070    00000010     DSP28_GlobalVariableDefs.obj (XIntruptRegsFile)

GpioMuxRegsFile 
*          1    000070c0    00000020     UNINITIALIZED
                  000070c0    00000020     DSP28_GlobalVariableDefs.obj (GpioMuxRegsFile)

GpioDataRegsFile 
*          1    000070e0    00000020     UNINITIALIZED
                  000070e0    00000020     DSP28_GlobalVariableDefs.obj (GpioDataRegsFile)

AdcRegsFile 
*          1    00007100    0000001a     UNINITIALIZED
                  00007100    0000001a     DSP28_GlobalVariableDefs.obj (AdcRegsFile)

EvaRegsFile 
*          1    00007400    00000032     UNINITIALIZED
                  00007400    00000032     DSP28_GlobalVariableDefs.obj (EvaRegsFile)

EvbRegsFile 
*          1    00007500    00000032     UNINITIALIZED
                  00007500    00000032     DSP28_GlobalVariableDefs.obj (EvbRegsFile)

ScibRegsFile 
*          1    00007750    00000010     UNINITIALIZED
                  00007750    00000010     DSP28_GlobalVariableDefs.obj (ScibRegsFile)

McbspaRegsFile 
*          1    00007800    00000025     UNINITIALIZED
                  00007800    00000025     DSP28_GlobalVariableDefs.obj (McbspaRegsFile)

.bss       1    00008100    00000084     UNINITIALIZED
                  00008100    00000080     rts2800_fl040830.lib : exit.obj (.bss)
                  00008180    00000004                          : _lock.obj (.bss)

.ebss      1    00008184    00000029     UNINITIALIZED
                  00008184    00000018     DSP28_CpuTimers.obj (.ebss)
                  0000819c    0000000e     Lcd.obj (.ebss)
                  000081aa    00000003     main.obj (.ebss)

CsmPwlFile 
*          1    003f7ff8    00000008     UNINITIALIZED
                  003f7ff8    00000008     DSP28_GlobalVariableDefs.obj (CsmPwlFile)

.sysmem    1    003f8000    00000000     UNINITIALIZED


GLOBAL SYMBOLS: SORTED ALPHABETICALLY BY Name 

address    name
--------   ----
00008100   .bss
00000000   .data
003f6000   .text
003f63cb   C$$EXIT
003f63ea   FS$$MPY
003f6444   FS$$TOL
003f647f   U$$DIV
003f6484   U$$MOD
003f60b9   _ADCINT_ISR
00007100   _AdcRegs
003f6121   _CAPINT1_ISR
003f6126   _CAPINT2_ISR
003f612b   _CAPINT3_ISR
003f616c   _CAPINT4_ISR
003f6171   _CAPINT5_ISR
003f6176   _CAPINT6_ISR
003f60ea   _CMP1INT_ISR
003f60ef   _CMP2INT_ISR
003f60f4   _CMP3INT_ISR
003f6135   _CMP4INT_ISR
003f613a   _CMP5INT_ISR
003f613f   _CMP6INT_ISR
000081aa   _Clock
003f6018   _ConfigCpuTimer
00008194   _CpuTimer0
00000c00   _CpuTimer0Regs
00008184   _CpuTimer1
00000c08   _CpuTimer1Regs
0000818c   _CpuTimer2
00000c10   _CpuTimer2Regs
003f7ff8   _CsmPwl
00000ae0   _CsmRegs
003f6069   _DATALOG_ISR
00000880   _DevEmuRegs
003f61a3   _ECAN0INTA_ISR
003f61a8   _ECAN1INTA_ISR
00006100   _ECanaMboxes
00006000   _ECanaRegs
003f6073   _EMUINT_ISR
00007400   _EvaRegs
00007500   _EvbRegs
00000a80   _FlashRegs
000070e0   _GpioDataRegs
000070c0   _GpioMuxRegs
003f6078   _ILLEGAL_ISR
003f6050   _INT13_ISR
003f6055   _INT14_ISR
003f6000   _InitAdc
003f6001   _InitCpuTimers
003f61b7   _InitECan
003f61b8   _InitEv
003f61b9   _InitGpio
003f61cc   _InitMcbsp
003f61c7   _InitPeripherals
003f61cd   _InitPieCtrl
003f61ee   _InitPieVectTable
003f620e   _InitSci
003f620f   _InitSpi
003f6210   _InitSysCtrl
003f6255   _InitXIntrupt
003f6236   _InitXintf
0000819e   _LCDData
000081a0   _LcdDataList
003f617b   _MRINTA_ISR
003f6180   _MXINTA_ISR
00007800   _McbspaRegs
003f605a   _NMI_ISR
003f60e5   _PDPINTA_ISR
003f6130   _PDPINTB_ISR
003f61ad   _PIE_RESERVED
00000ce0   _PieCtrl
00000d00   _PieVectTable
00008000   _PieVectTableInit
003f606e   _RTOSINT_ISR
003f618f   _SCIRXINTA_ISR
003f6199   _SCIRXINTB_ISR
003f6194   _SCITXINTA_ISR
003f619e   _SCITXINTB_ISR
003f6185   _SPIRXINTA_ISR
003f618a   _SPITXINTA_ISR
00007050   _SciaRegs
00007750   _ScibRegs
003f6298   _ShowNumber
00007040   _SpiaRegs
00007010   _SysCtrlRegs
003f60fe   _T1CINT_ISR
003f6108   _T1OFINT_ISR
003f60f9   _T1PINT_ISR
003f6103   _T1UFINT_ISR
003f6112   _T2CINT_ISR
003f611c   _T2OFINT_ISR
003f610d   _T2PINT_ISR
003f6117   _T2UFINT_ISR
003f6149   _T3CINT_ISR
003f6153   _T3OFINT_ISR
003f6144   _T3PINT_ISR
003f614e   _T3UFINT_ISR
003f615d   _T4CINT_ISR
003f6167   _T4OFINT_ISR
003f6158   _T4PINT_ISR
003f6162   _T4UFINT_ISR
003f60be   _TINT0_ISR
003f607d   _USER0_ISR
003f60af   _USER10_ISR
003f60b4   _USER11_ISR
003f6082   _USER1_ISR
003f6087   _USER2_ISR
003f608c   _USER3_ISR
003f6091   _USER4_ISR
003f6096   _USER5_ISR
003f609b   _USER6_ISR
003f60a0   _USER7_ISR
003f60a5   _USER8_ISR
003f60aa   _USER9_ISR
003f60e0   _WAKEINT_ISR
003f6256   _WriteLcdCom
003f6277   _WriteLcdDat
003f605f   _XINT1_ISR
003f6064   _XINT2_ISR
00007070   _XIntruptRegs
00000b20   _XintfRegs
00000320   __STACK_SIZE
ffffffff   ___binit__
00008100   ___bss__
ffffffff   ___c_args__
003d8000   ___cinit__
00000000   ___data__
00000000   ___edata__
00008184   ___end__
003f6491   ___etext__
ffffffff   ___pinit__
003f6000   ___text__
ffffffff   __c_load
00008104   __cleanup_ptr
00000000   __const_length
00008000   __const_run
00008102   __dtors_ptr
003f4000   __ec_load
00000100   __econst_length
00008000   __econst_run
00008182   __lock
003f648a   __nop
003f648b   __register_lock
003f648e   __register_unlock
00008180   __unlock
0000819c   _a
003f63e9   _abort
003f63cd   _atexit
003f6342   _c_int00
003f63ac   _exit
003f62a5   _main
003f61b2   _rsvd_ISR
ffffffff   binit
003d8000   cinit
00000000   edata
00008184   end
003f6491   etext
ffffffff   pinit


GLOBAL SYMBOLS: SORTED BY Symbol Address 

address    name
--------   ----
00000000   ___data__
00000000   edata
00000000   __const_length
00000000   ___edata__
00000000   .data
00000100   __econst_length
00000320   __STACK_SIZE
00000880   _DevEmuRegs
00000a80   _FlashRegs
00000ae0   _CsmRegs
00000b20   _XintfRegs
00000c00   _CpuTimer0Regs
00000c08   _CpuTimer1Regs
00000c10   _CpuTimer2Regs
00000ce0   _PieCtrl
00000d00   _PieVectTable
00006000   _ECanaRegs
00006100   _ECanaMboxes
00007010   _SysCtrlRegs
00007040   _SpiaRegs
00007050   _SciaRegs
00007070   _XIntruptRegs
000070c0   _GpioMuxRegs
000070e0   _GpioDataRegs
00007100   _AdcRegs
00007400   _EvaRegs
00007500   _EvbRegs
00007750   _ScibRegs
00007800   _McbspaRegs
00008000   _PieVectTableInit
00008000   __const_run
00008000   __econst_run
00008100   .bss
00008100   ___bss__
00008102   __dtors_ptr
00008104   __cleanup_ptr
00008180   __unlock
00008182   __lock
00008184   ___end__
00008184   _CpuTimer1
00008184   end
0000818c   _CpuTimer2
00008194   _CpuTimer0
0000819c   _a
0000819e   _LCDData
000081a0   _LcdDataList
000081aa   _Clock
003d8000   cinit
003d8000   ___cinit__
003f4000   __ec_load
003f6000   .text
003f6000   _InitAdc
003f6000   ___text__
003f6001   _InitCpuTimers
003f6018   _ConfigCpuTimer
003f6050   _INT13_ISR
003f6055   _INT14_ISR
003f605a   _NMI_ISR
003f605f   _XINT1_ISR
003f6064   _XINT2_ISR
003f6069   _DATALOG_ISR
003f606e   _RTOSINT_ISR
003f6073   _EMUINT_ISR
003f6078   _ILLEGAL_ISR
003f607d   _USER0_ISR
003f6082   _USER1_ISR
003f6087   _USER2_ISR
003f608c   _USER3_ISR
003f6091   _USER4_ISR
003f6096   _USER5_ISR
003f609b   _USER6_ISR
003f60a0   _USER7_ISR
003f60a5   _USER8_ISR
003f60aa   _USER9_ISR
003f60af   _USER10_ISR
003f60b4   _USER11_ISR
003f60b9   _ADCINT_ISR
003f60be   _TINT0_ISR
003f60e0   _WAKEINT_ISR
003f60e5   _PDPINTA_ISR
003f60ea   _CMP1INT_ISR
003f60ef   _CMP2INT_ISR
003f60f4   _CMP3INT_ISR
003f60f9   _T1PINT_ISR
003f60fe   _T1CINT_ISR
003f6103   _T1UFINT_ISR
003f6108   _T1OFINT_ISR
003f610d   _T2PINT_ISR
003f6112   _T2CINT_ISR
003f6117   _T2UFINT_ISR
003f611c   _T2OFINT_ISR
003f6121   _CAPINT1_ISR
003f6126   _CAPINT2_ISR
003f612b   _CAPINT3_ISR
003f6130   _PDPINTB_ISR
003f6135   _CMP4INT_ISR
003f613a   _CMP5INT_ISR
003f613f   _CMP6INT_ISR
003f6144   _T3PINT_ISR
003f6149   _T3CINT_ISR
003f614e   _T3UFINT_ISR
003f6153   _T3OFINT_ISR
003f6158   _T4PINT_ISR
003f615d   _T4CINT_ISR
003f6162   _T4UFINT_ISR
003f6167   _T4OFINT_ISR
003f616c   _CAPINT4_ISR
003f6171   _CAPINT5_ISR
003f6176   _CAPINT6_ISR
003f617b   _MRINTA_ISR
003f6180   _MXINTA_ISR
003f6185   _SPIRXINTA_ISR
003f618a   _SPITXINTA_ISR
003f618f   _SCIRXINTA_ISR
003f6194   _SCITXINTA_ISR
003f6199   _SCIRXINTB_ISR
003f619e   _SCITXINTB_ISR
003f61a3   _ECAN0INTA_ISR
003f61a8   _ECAN1INTA_ISR
003f61ad   _PIE_RESERVED
003f61b2   _rsvd_ISR
003f61b7   _InitECan
003f61b8   _InitEv
003f61b9   _InitGpio
003f61c7   _InitPeripherals
003f61cc   _InitMcbsp
003f61cd   _InitPieCtrl
003f61ee   _InitPieVectTable
003f620e   _InitSci
003f620f   _InitSpi
003f6210   _InitSysCtrl
003f6236   _InitXintf
003f6255   _InitXIntrupt
003f6256   _WriteLcdCom
003f6277   _WriteLcdDat
003f6298   _ShowNumber
003f62a5   _main
003f6342   _c_int00
003f63ac   _exit
003f63cb   C$$EXIT
003f63cd   _atexit
003f63e9   _abort
003f63ea   FS$$MPY
003f6444   FS$$TOL
003f647f   U$$DIV
003f6484   U$$MOD
003f648a   __nop
003f648b   __register_lock
003f648e   __register_unlock
003f6491   etext
003f6491   ___etext__
003f7ff8   _CsmPwl
ffffffff   ___pinit__
ffffffff   pinit
ffffffff   ___c_args__
ffffffff   ___binit__
ffffffff   __c_load
ffffffff   binit

[158 symbols]
